// Jest Snapshot v1, https://goo.gl/fbAQLP

exports[`Pruebas en HomePage Debe mostrarse correctamente 1`] = `<HomePage />`;
