// Jest Snapshot v1, https://goo.gl/fbAQLP

exports[`Pruebas en TodoApp Debe mostrarse bien  1`] = `
<div>
  <h1>
    To Do's App (
    0
    ) 
  </h1>
  <hr />
  <div
    className="row"
  >
    <div
      className="col-7"
    >
      <TodoList
        handleDelete={[Function]}
        handleTachado={[Function]}
        todos={Array []}
      />
    </div>
    <div
      className="col-5"
    >
      <TodoAdd
        handleAddTodo={[Function]}
      />
    </div>
  </div>
</div>
`;
