// Jest Snapshot v1, https://goo.gl/fbAQLP

exports[`Pruebas con <TodoItem /> Debe mostrarse correctamente 1`] = `
<li
  className="list-group-item"
  key="1"
>
  <p
    className="false"
    onClick={[Function]}
  >
    1
     . 
    testing description 1
  </p>
  <button
    className="btn btn-danger"
    onClick={[Function]}
  >
    Borrar
  </button>
</li>
`;
