// Jest Snapshot v1, https://goo.gl/fbAQLP

exports[`Pruebas en <HookApp /> Debe mostrarse correctamente  1`] = `
<div>
  <h2>
    Prueba
  </h2>
</div>
`;
